// Vitest Snapshot v1

exports[`can create table > post table 1`] = `"CREATE TABLE [object Object] (id INTEGER PRIMARY KEY, title TEXT NOT NULL, text TEXT NOT NULL) STRICT;"`;
